  Determining projects to restore...
  All projects are up-to-date for restore.
C:\Users\ludge\source\repos\InventarisApp\Services\DeviceService.cs(32,33): error CS1061: 'Info' does not contain a definition for 'Lokaal' and no accessible extension method 'Lokaal' accepting a first argument of type 'Info' could be found (are you missing a using directive or an assembly reference?) [C:\Users\ludge\source\repos\InventarisApp\InventarisApp.csproj]
C:\Users\ludge\source\repos\InventarisApp\Models\Wifi.cs(14,23): warning CS8618: Non-nullable property 'type' must contain a non-null value when exiting constructor. Consider adding the 'required' modifier or declaring the property as nullable. [C:\Users\ludge\source\repos\InventarisApp\InventarisApp.csproj]
C:\Users\ludge\source\repos\InventarisApp\Services\DeviceService.cs(42,33): error CS1061: 'Info' does not contain a definition for 'Lokaal' and no accessible extension method 'Lokaal' accepting a first argument of type 'Info' could be found (are you missing a using directive or an assembly reference?) [C:\Users\ludge\source\repos\InventarisApp\InventarisApp.csproj]
C:\Users\ludge\source\repos\InventarisApp\Models\Info.cs(13,23): warning CS8618: Non-nullable property 'type' must contain a non-null value when exiting constructor. Consider adding the 'required' modifier or declaring the property as nullable. [C:\Users\ludge\source\repos\InventarisApp\InventarisApp.csproj]
C:\Users\ludge\source\repos\InventarisApp\Services\DeviceService.cs(53,47): error CS1061: 'Info' does not contain a definition for 'lokaalnr' and no accessible extension method 'lokaalnr' accepting a first argument of type 'Info' could be found (are you missing a using directive or an assembly reference?) [C:\Users\ludge\source\repos\InventarisApp\InventarisApp.csproj]
C:\Users\ludge\source\repos\InventarisApp\Services\DeviceService.cs(53,63): error CS1061: 'Info' does not contain a definition for 'lokaalnr' and no accessible extension method 'lokaalnr' accepting a first argument of type 'Info' could be found (are you missing a using directive or an assembly reference?) [C:\Users\ludge\source\repos\InventarisApp\InventarisApp.csproj]
C:\Users\ludge\source\repos\InventarisApp\Services\DeviceService.cs(54,26): error CS1061: 'Info' does not contain a definition for 'locatie_id' and no accessible extension method 'locatie_id' accepting a first argument of type 'Info' could be found (are you missing a using directive or an assembly reference?) [C:\Users\ludge\source\repos\InventarisApp\InventarisApp.csproj]
C:\Users\ludge\source\repos\InventarisApp\Services\DeviceService.cs(54,48): error CS1061: 'Info' does not contain a definition for 'locatie_id' and no accessible extension method 'locatie_id' accepting a first argument of type 'Info' could be found (are you missing a using directive or an assembly reference?) [C:\Users\ludge\source\repos\InventarisApp\InventarisApp.csproj]
C:\Users\ludge\source\repos\InventarisApp\Models\Device.cs(13,23): warning CS8618: Non-nullable property 'type' must contain a non-null value when exiting constructor. Consider adding the 'required' modifier or declaring the property as nullable. [C:\Users\ludge\source\repos\InventarisApp\InventarisApp.csproj]
C:\Users\ludge\source\repos\InventarisApp\Services\DeviceService.cs(97,26): error CS1061: 'Info' does not contain a definition for 'locatie_id' and no accessible extension method 'locatie_id' accepting a first argument of type 'Info' could be found (are you missing a using directive or an assembly reference?) [C:\Users\ludge\source\repos\InventarisApp\InventarisApp.csproj]
C:\Users\ludge\source\repos\InventarisApp\Services\DeviceService.cs(97,44): error CS1061: 'Info' does not contain a definition for 'locatie_id' and no accessible extension method 'locatie_id' accepting a first argument of type 'Info' could be found (are you missing a using directive or an assembly reference?) [C:\Users\ludge\source\repos\InventarisApp\InventarisApp.csproj]
C:\Users\ludge\source\repos\InventarisApp\Services\DeviceService.cs(98,26): error CS1061: 'Info' does not contain a definition for 'lokaalnr' and no accessible extension method 'lokaalnr' accepting a first argument of type 'Info' could be found (are you missing a using directive or an assembly reference?) [C:\Users\ludge\source\repos\InventarisApp\InventarisApp.csproj]
C:\Users\ludge\source\repos\InventarisApp\Services\DeviceService.cs(98,42): error CS1061: 'Info' does not contain a definition for 'lokaalnr' and no accessible extension method 'lokaalnr' accepting a first argument of type 'Info' could be found (are you missing a using directive or an assembly reference?) [C:\Users\ludge\source\repos\InventarisApp\InventarisApp.csproj]
C:\Users\ludge\source\repos\InventarisApp\Views\Device\Edit.cshtml(7,64): error CS0234: The type or namespace name 'Lokaal' does not exist in the namespace 'InventarisApp.Models' (are you missing an assembly reference?) [C:\Users\ludge\source\repos\InventarisApp\InventarisApp.csproj]
C:\Users\ludge\source\repos\InventarisApp\Views\Device\Edit.cshtml(7,105): error CS0234: The type or namespace name 'Lokaal' does not exist in the namespace 'InventarisApp.Models' (are you missing an assembly reference?) [C:\Users\ludge\source\repos\InventarisApp\InventarisApp.csproj]
C:\Users\ludge\source\repos\InventarisApp\Views\Device\Edit.cshtml(8,66): error CS0234: The type or namespace name 'Locatie' does not exist in the namespace 'InventarisApp.Models' (are you missing an assembly reference?) [C:\Users\ludge\source\repos\InventarisApp\InventarisApp.csproj]
C:\Users\ludge\source\repos\InventarisApp\Views\Device\Edit.cshtml(8,108): error CS0234: The type or namespace name 'Locatie' does not exist in the namespace 'InventarisApp.Models' (are you missing an assembly reference?) [C:\Users\ludge\source\repos\InventarisApp\InventarisApp.csproj]
C:\Users\ludge\source\repos\InventarisApp\Views\Device\Edit.cshtml(11,45): error CS1061: 'Info' does not contain a definition for 'locatie_id' and no accessible extension method 'locatie_id' accepting a first argument of type 'Info' could be found (are you missing a using directive or an assembly reference?) [C:\Users\ludge\source\repos\InventarisApp\InventarisApp.csproj]
C:\Users\ludge\source\repos\InventarisApp\Views\Device\Edit.cshtml(11,64): error CS1061: 'Info' does not contain a definition for 'lokaalnr' and no accessible extension method 'lokaalnr' accepting a first argument of type 'Info' could be found (are you missing a using directive or an assembly reference?) [C:\Users\ludge\source\repos\InventarisApp\InventarisApp.csproj]
C:\Users\ludge\source\repos\InventarisApp\Views\Device\Create.cshtml(7,64): error CS0234: The type or namespace name 'Lokaal' does not exist in the namespace 'InventarisApp.Models' (are you missing an assembly reference?) [C:\Users\ludge\source\repos\InventarisApp\InventarisApp.csproj]
C:\Users\ludge\source\repos\InventarisApp\Views\Device\Create.cshtml(7,105): error CS0234: The type or namespace name 'Lokaal' does not exist in the namespace 'InventarisApp.Models' (are you missing an assembly reference?) [C:\Users\ludge\source\repos\InventarisApp\InventarisApp.csproj]
C:\Users\ludge\source\repos\InventarisApp\Views\Device\Create.cshtml(8,66): error CS0234: The type or namespace name 'Locatie' does not exist in the namespace 'InventarisApp.Models' (are you missing an assembly reference?) [C:\Users\ludge\source\repos\InventarisApp\InventarisApp.csproj]
C:\Users\ludge\source\repos\InventarisApp\Views\Device\Create.cshtml(8,108): error CS0234: The type or namespace name 'Locatie' does not exist in the namespace 'InventarisApp.Models' (are you missing an assembly reference?) [C:\Users\ludge\source\repos\InventarisApp\InventarisApp.csproj]

Build FAILED.

C:\Users\ludge\source\repos\InventarisApp\Models\Wifi.cs(14,23): warning CS8618: Non-nullable property 'type' must contain a non-null value when exiting constructor. Consider adding the 'required' modifier or declaring the property as nullable. [C:\Users\ludge\source\repos\InventarisApp\InventarisApp.csproj]
C:\Users\ludge\source\repos\InventarisApp\Models\Info.cs(13,23): warning CS8618: Non-nullable property 'type' must contain a non-null value when exiting constructor. Consider adding the 'required' modifier or declaring the property as nullable. [C:\Users\ludge\source\repos\InventarisApp\InventarisApp.csproj]
C:\Users\ludge\source\repos\InventarisApp\Models\Device.cs(13,23): warning CS8618: Non-nullable property 'type' must contain a non-null value when exiting constructor. Consider adding the 'required' modifier or declaring the property as nullable. [C:\Users\ludge\source\repos\InventarisApp\InventarisApp.csproj]
C:\Users\ludge\source\repos\InventarisApp\Services\DeviceService.cs(32,33): error CS1061: 'Info' does not contain a definition for 'Lokaal' and no accessible extension method 'Lokaal' accepting a first argument of type 'Info' could be found (are you missing a using directive or an assembly reference?) [C:\Users\ludge\source\repos\InventarisApp\InventarisApp.csproj]
C:\Users\ludge\source\repos\InventarisApp\Services\DeviceService.cs(42,33): error CS1061: 'Info' does not contain a definition for 'Lokaal' and no accessible extension method 'Lokaal' accepting a first argument of type 'Info' could be found (are you missing a using directive or an assembly reference?) [C:\Users\ludge\source\repos\InventarisApp\InventarisApp.csproj]
C:\Users\ludge\source\repos\InventarisApp\Services\DeviceService.cs(53,47): error CS1061: 'Info' does not contain a definition for 'lokaalnr' and no accessible extension method 'lokaalnr' accepting a first argument of type 'Info' could be found (are you missing a using directive or an assembly reference?) [C:\Users\ludge\source\repos\InventarisApp\InventarisApp.csproj]
C:\Users\ludge\source\repos\InventarisApp\Services\DeviceService.cs(53,63): error CS1061: 'Info' does not contain a definition for 'lokaalnr' and no accessible extension method 'lokaalnr' accepting a first argument of type 'Info' could be found (are you missing a using directive or an assembly reference?) [C:\Users\ludge\source\repos\InventarisApp\InventarisApp.csproj]
C:\Users\ludge\source\repos\InventarisApp\Services\DeviceService.cs(54,26): error CS1061: 'Info' does not contain a definition for 'locatie_id' and no accessible extension method 'locatie_id' accepting a first argument of type 'Info' could be found (are you missing a using directive or an assembly reference?) [C:\Users\ludge\source\repos\InventarisApp\InventarisApp.csproj]
C:\Users\ludge\source\repos\InventarisApp\Services\DeviceService.cs(54,48): error CS1061: 'Info' does not contain a definition for 'locatie_id' and no accessible extension method 'locatie_id' accepting a first argument of type 'Info' could be found (are you missing a using directive or an assembly reference?) [C:\Users\ludge\source\repos\InventarisApp\InventarisApp.csproj]
C:\Users\ludge\source\repos\InventarisApp\Services\DeviceService.cs(97,26): error CS1061: 'Info' does not contain a definition for 'locatie_id' and no accessible extension method 'locatie_id' accepting a first argument of type 'Info' could be found (are you missing a using directive or an assembly reference?) [C:\Users\ludge\source\repos\InventarisApp\InventarisApp.csproj]
C:\Users\ludge\source\repos\InventarisApp\Services\DeviceService.cs(97,44): error CS1061: 'Info' does not contain a definition for 'locatie_id' and no accessible extension method 'locatie_id' accepting a first argument of type 'Info' could be found (are you missing a using directive or an assembly reference?) [C:\Users\ludge\source\repos\InventarisApp\InventarisApp.csproj]
C:\Users\ludge\source\repos\InventarisApp\Services\DeviceService.cs(98,26): error CS1061: 'Info' does not contain a definition for 'lokaalnr' and no accessible extension method 'lokaalnr' accepting a first argument of type 'Info' could be found (are you missing a using directive or an assembly reference?) [C:\Users\ludge\source\repos\InventarisApp\InventarisApp.csproj]
C:\Users\ludge\source\repos\InventarisApp\Services\DeviceService.cs(98,42): error CS1061: 'Info' does not contain a definition for 'lokaalnr' and no accessible extension method 'lokaalnr' accepting a first argument of type 'Info' could be found (are you missing a using directive or an assembly reference?) [C:\Users\ludge\source\repos\InventarisApp\InventarisApp.csproj]
C:\Users\ludge\source\repos\InventarisApp\Views\Device\Edit.cshtml(7,64): error CS0234: The type or namespace name 'Lokaal' does not exist in the namespace 'InventarisApp.Models' (are you missing an assembly reference?) [C:\Users\ludge\source\repos\InventarisApp\InventarisApp.csproj]
C:\Users\ludge\source\repos\InventarisApp\Views\Device\Edit.cshtml(7,105): error CS0234: The type or namespace name 'Lokaal' does not exist in the namespace 'InventarisApp.Models' (are you missing an assembly reference?) [C:\Users\ludge\source\repos\InventarisApp\InventarisApp.csproj]
C:\Users\ludge\source\repos\InventarisApp\Views\Device\Edit.cshtml(8,66): error CS0234: The type or namespace name 'Locatie' does not exist in the namespace 'InventarisApp.Models' (are you missing an assembly reference?) [C:\Users\ludge\source\repos\InventarisApp\InventarisApp.csproj]
C:\Users\ludge\source\repos\InventarisApp\Views\Device\Edit.cshtml(8,108): error CS0234: The type or namespace name 'Locatie' does not exist in the namespace 'InventarisApp.Models' (are you missing an assembly reference?) [C:\Users\ludge\source\repos\InventarisApp\InventarisApp.csproj]
C:\Users\ludge\source\repos\InventarisApp\Views\Device\Edit.cshtml(11,45): error CS1061: 'Info' does not contain a definition for 'locatie_id' and no accessible extension method 'locatie_id' accepting a first argument of type 'Info' could be found (are you missing a using directive or an assembly reference?) [C:\Users\ludge\source\repos\InventarisApp\InventarisApp.csproj]
C:\Users\ludge\source\repos\InventarisApp\Views\Device\Edit.cshtml(11,64): error CS1061: 'Info' does not contain a definition for 'lokaalnr' and no accessible extension method 'lokaalnr' accepting a first argument of type 'Info' could be found (are you missing a using directive or an assembly reference?) [C:\Users\ludge\source\repos\InventarisApp\InventarisApp.csproj]
C:\Users\ludge\source\repos\InventarisApp\Views\Device\Create.cshtml(7,64): error CS0234: The type or namespace name 'Lokaal' does not exist in the namespace 'InventarisApp.Models' (are you missing an assembly reference?) [C:\Users\ludge\source\repos\InventarisApp\InventarisApp.csproj]
C:\Users\ludge\source\repos\InventarisApp\Views\Device\Create.cshtml(7,105): error CS0234: The type or namespace name 'Lokaal' does not exist in the namespace 'InventarisApp.Models' (are you missing an assembly reference?) [C:\Users\ludge\source\repos\InventarisApp\InventarisApp.csproj]
C:\Users\ludge\source\repos\InventarisApp\Views\Device\Create.cshtml(8,66): error CS0234: The type or namespace name 'Locatie' does not exist in the namespace 'InventarisApp.Models' (are you missing an assembly reference?) [C:\Users\ludge\source\repos\InventarisApp\InventarisApp.csproj]
C:\Users\ludge\source\repos\InventarisApp\Views\Device\Create.cshtml(8,108): error CS0234: The type or namespace name 'Locatie' does not exist in the namespace 'InventarisApp.Models' (are you missing an assembly reference?) [C:\Users\ludge\source\repos\InventarisApp\InventarisApp.csproj]
    3 Warning(s)
    20 Error(s)

Time Elapsed 00:00:02.84

Workload updates are available. Run `dotnet workload list` for more information.
